// Jest Snapshot v1, https://goo.gl/fbAQLP

exports[`Modal component renders LoginForm component 1`] = `
<div>
  <div
    class="modal show"
  >
    <div
      class="modal_content"
    >
      <label>
        Organization
        <select>
          <option
            disabled=""
            value=""
          >
            Select
          </option>
          <option
            class="options"
            value="lendsqr"
          >
            lendsqr
          </option>
          <option
            class="options"
            value="lendstar"
          >
            lendstar
          </option>
          <option
            class="options"
            value="irorun"
          >
            irorun
          </option>
        </select>
      </label>
      <label>
        Username
        <input
          placeholder="User"
          type="text"
          value=""
        />
      </label>
      <label>
        Email
        <input
          pattern="[a-zA-Z0-9._%+-]+@[a-zA-Z0-9.-]+\\\\.[a-zA-Z]{2,}"
          placeholder="Email"
          required=""
          type="email"
          value=""
        />
      </label>
      <label>
        Date
        <input
          placeholder="Date"
          type="date"
          value=""
        />
      </label>
      <label>
        Phone Number
        <input
          placeholder="Phone"
          type="text"
          value=""
        />
      </label>
      <label>
        Status
        <select>
          <option
            class="options"
            disabled=""
            value=""
          >
            Select
          </option>
          <option
            class="options"
            value="active"
          >
            Active
          </option>
          <option
            class="options"
            value="pending"
          >
            Pending
          </option>
          <option
            class="options"
            value="inactive"
          >
            Inactive
          </option>
          <option
            class="options"
            value="blacklisted"
          >
            Blacklisted
          </option>
        </select>
      </label>
      <div
        class="button_container"
      >
        <button
          class="btn cancel_button"
        >
          Cancel
        </button>
        <button
          class="btn apply_button"
        >
          Apply
        </button>
      </div>
    </div>
  </div>
</div>
`;
